17:12:45.002 [Test worker] DEBUG com.baijob.commonTools.Setting - Load setting file=>/E:/workspace/commonTools/build/resources/test/config/example.setting
17:12:45.008 [Test worker] DEBUG com.baijob.commonTools.Setting - Load setting file=>/E:/workspace/commonTools/build/resources/test/config/example.setting
